src/App.tsx(500,19): error TS2322: Type '{ formId: string | undefined; isAdmin: boolean; onClose: () => void; }' is not assignable to type 'IntrinsicAttributes & FormBuilderProps'.
  Property 'formId' does not exist on type 'IntrinsicAttributes & FormBuilderProps'.
src/components/builder/constants.ts(15,3): error TS1117: An object literal cannot have multiple properties with the same name.
src/components/builder/constants.ts(25,3): error TS1117: An object literal cannot have multiple properties with the same name.
src/components/builder/constants.ts(27,3): error TS1117: An object literal cannot have multiple properties with the same name.
src/components/builder/FormBuilder.tsx(11,45): error TS6196: 'FormValidator' is declared but never used.
src/components/builder/FormBuilder.tsx(161,88): error TS2352: Conversion of type 'FormValidator[]' to type 'Record<string, unknown>[]' may be a mistake because neither type sufficiently overlaps with the other. If this was intentional, convert the expression to 'unknown' first.
  Type 'FormValidator' is not comparable to type 'Record<string, unknown>'.
    Index signature for type 'string' is missing in type 'FormValidator'.
src/components/builder/FormBuilder.tsx(168,29): error TS2741: Property 'type' is missing in type 'Record<string, unknown>' but required in type 'FormValidator'.
src/components/builder/FormBuilder.tsx(168,44): error TS2322: Type 'Record<string, unknown> | { type: string; }' is not assignable to type 'FormValidator'.
  Property 'type' is missing in type 'Record<string, unknown>' but required in type 'FormValidator'.
src/components/builder/FormBuilder.tsx(172,16): error TS2322: Type 'Record<string, unknown>[]' is not assignable to type 'FormValidator[]'.
  Property 'type' is missing in type 'Record<string, unknown>' but required in type 'FormValidator'.
src/components/builder/FormBuilder.tsx(174,108): error TS2322: Type 'Record<string, unknown>[]' is not assignable to type 'FormValidator[]'.
  Property 'type' is missing in type 'Record<string, unknown>' but required in type 'FormValidator'.
src/components/builder/FormBuilder.tsx(185,15): error TS2322: Type 'unknown' is not assignable to type 'ReactNode'.
src/components/builder/FormBuilder.tsx(356,144): error TS2339: Property '_textCustomised' does not exist on type '{ value: string; text: string; }'.
src/components/builder/FormBuilder.tsx(446,70): error TS2304: Cannot find name 'DefaultValueEditor'.
src/components/builder/FormBuilder.tsx(458,59): error TS2322: Type 'number' is not assignable to type 'string'.
src/components/builder/FormBuilder.tsx(458,139): error TS2322: Type '{ value: number; label: string; }[]' is not assignable to type '{ value: string; label: string; }[]'.
  Type '{ value: number; label: string; }' is not assignable to type '{ value: string; label: string; }'.
    Types of property 'value' are incompatible.
      Type 'number' is not assignable to type 'string'.
src/components/builder/FormBuilder.tsx(496,22): error TS2304: Cannot find name 'LayeredLightPanelless'.
src/components/builder/FormBuilder.tsx(497,44): error TS2341: Property 'cssVariables' is private and only accessible within class 'SurveyModel'.
src/components/builder/FormBuilder.tsx(499,22): error TS2304: Cannot find name 'LayeredLightPanelless'.
src/components/builder/FormBuilder.tsx(550,104): error TS6133: 'token' is declared but its value is never read.
src/components/builder/FormBuilder.tsx(561,492): error TS2352: Conversion of type 'SurveyJson' to type 'Record<string, unknown>' may be a mistake because neither type sufficiently overlaps with the other. If this was intentional, convert the expression to 'unknown' first.
  Index signature for type 'string' is missing in type 'SurveyJson'.
src/components/builder/FormBuilder.tsx(561,587): error TS2352: Conversion of type 'SurveyJson' to type 'Record<string, unknown>' may be a mistake because neither type sufficiently overlaps with the other. If this was intentional, convert the expression to 'unknown' first.
  Index signature for type 'string' is missing in type 'SurveyJson'.
src/components/builder/FormBuilder.tsx(561,679): error TS2352: Conversion of type 'SurveyJson' to type 'Record<string, unknown>' may be a mistake because neither type sufficiently overlaps with the other. If this was intentional, convert the expression to 'unknown' first.
  Index signature for type 'string' is missing in type 'SurveyJson'.
src/pages/AdminFormBuilder.tsx(15,3): error TS2305: Module '"../utils/formBuilderSP"' has no exported member 'slugify'.
src/pages/AdminFormBuilder.tsx(15,12): error TS2305: Module '"../utils/formBuilderSP"' has no exported member 'checkSlugConflict'.
src/pages/AdminFormBuilder.tsx(15,31): error TS2724: '"../utils/formBuilderSP"' has no exported member named 'getAllFormConfigs'. Did you mean 'getFormConfig'?
src/pages/AdminFormBuilder.tsx(16,3): error TS2724: '"../utils/formBuilderSP"' has no exported member named 'upsertFormConfig'. Did you mean 'getFormConfig'?
src/pages/AdminFormBuilder.tsx(16,21): error TS2305: Module '"../utils/formBuilderSP"' has no exported member 'upsertApprovers'.
src/pages/AdminFormBuilder.tsx(17,3): error TS2724: '"../utils/formBuilderSP"' has no exported member named 'getFormVersionHistory'. Did you mean 'getFormVersions'?
src/pages/AdminFormBuilder.tsx(17,26): error TS2724: '"../utils/formBuilderSP"' has no exported member named 'getFormVersion'. Did you mean 'getFormVersions'?
src/pages/AdminFormBuilder.tsx(17,42): error TS2305: Module '"../utils/formBuilderSP"' has no exported member 'logEvent'.
src/pages/AdminFormBuilder.tsx(17,52): error TS2305: Module '"../utils/formBuilderSP"' has no exported member 'getFormLog'.
src/pages/AdminFormBuilder.tsx(18,3): error TS2305: Module '"../utils/formBuilderSP"' has no exported member 'diffSurveyJson'.
src/pages/AdminFormBuilder.tsx(18,3): error TS6133: 'diffSurveyJson' is declared but its value is never read.
src/pages/AdminFormBuilder.tsx(18,19): error TS2305: Module '"../utils/formBuilderSP"' has no exported member 'isVersionGreater'.
src/pages/AdminFormBuilder.tsx(18,19): error TS6133: 'isVersionGreater' is declared but its value is never read.
src/pages/AdminFormBuilder.tsx(18,37): error TS2305: Module '"../utils/formBuilderSP"' has no exported member 'incrementMinor'.
src/pages/AdminFormBuilder.tsx(18,53): error TS2305: Module '"../utils/formBuilderSP"' has no exported member 'incrementMajor'.
src/pages/AdminFormBuilder.tsx(19,3): error TS2305: Module '"../utils/formBuilderSP"' has no exported member 'bootstrapSystemLists'.
src/pages/AdminFormBuilder.tsx(19,25): error TS2305: Module '"../utils/formBuilderSP"' has no exported member 'addColumn'.
src/pages/AdminFormBuilder.tsx(19,36): error TS2305: Module '"../utils/formBuilderSP"' has no exported member 'listExists'.
src/pages/AdminFormBuilder.tsx(19,48): error TS2305: Module '"../utils/formBuilderSP"' has no exported member 'createSpList'.
src/pages/AdminFormBuilder.tsx(52,56): error TS2353: Object literal may only specify known properties, and 'bg' does not exist in type 'Properties<string | number, string & {}>'.
src/pages/AdminFormBuilder.tsx(74,10): error TS6133: 'ToggleSwitch' is declared but its value is never read.
src/pages/AdminFormBuilder.tsx(193,9): error TS6133: 'paramTitle' is declared but its value is never read.
src/pages/AdminFormBuilder.tsx(196,10): error TS6133: 'authChecked' is declared but its value is never read.
src/pages/AdminFormBuilder.tsx(212,10): error TS6133: 'surveyJson' is declared but its value is never read.
src/pages/AdminFormBuilder.tsx(219,26): error TS6133: 'setNewVersionMode' is declared but its value is never read.
src/pages/AdminFormBuilder.tsx(221,10): error TS6133: 'logLoading' is declared but its value is never read.
src/pages/AdminFormBuilder.tsx(221,22): error TS6133: 'setLogLoading' is declared but its value is never read.
src/pages/AdminFormBuilder.tsx(226,10): error TS6133: 'toast' is declared but its value is never read.
src/pages/AdminFormBuilder.tsx(227,10): error TS6133: 'approvalRules' is declared but its value is never read.
src/pages/AdminFormBuilder.tsx(227,25): error TS6133: 'setApprovalRules' is declared but its value is never read.
src/pages/AdminFormBuilder.tsx(258,62): error TS7006: Parameter 'e' implicitly has an 'any' type.
src/pages/AdminFormBuilder.tsx(276,46): error TS2352: Conversion of type 'FormConfig' to type 'Record<string, unknown>' may be a mistake because neither type sufficiently overlaps with the other. If this was intentional, convert the expression to 'unknown' first.
  Index signature for type 'string' is missing in type 'FormConfig'.
src/pages/AdminFormBuilder.tsx(276,132): error TS2352: Conversion of type 'FormConfig' to type 'Record<string, unknown>' may be a mistake because neither type sufficiently overlaps with the other. If this was intentional, convert the expression to 'unknown' first.
  Index signature for type 'string' is missing in type 'FormConfig'.
src/pages/AdminFormBuilder.tsx(277,23): error TS2352: Conversion of type 'FormConfig' to type 'Record<string, unknown>' may be a mistake because neither type sufficiently overlaps with the other. If this was intentional, convert the expression to 'unknown' first.
  Index signature for type 'string' is missing in type 'FormConfig'.
src/pages/AdminFormBuilder.tsx(277,77): error TS2352: Conversion of type 'FormConfig' to type 'Record<string, unknown>' may be a mistake because neither type sufficiently overlaps with the other. If this was intentional, convert the expression to 'unknown' first.
  Index signature for type 'string' is missing in type 'FormConfig'.
src/pages/AdminFormBuilder.tsx(280,72): error TS7006: Parameter 'v' implicitly has an 'any' type.
src/pages/AdminFormBuilder.tsx(310,13): error TS6133: 'listUrl' is declared but its value is never read.
src/pages/AdminFormBuilder.tsx(327,38): error TS2345: Argument of type 'string' is not assignable to parameter of type 'FormBuilderField'.
src/pages/AdminFormBuilder.tsx(354,55): error TS2554: Expected 2 arguments, but got 4.
src/pages/AdminFormBuilder.tsx(414,11): error TS2322: Type 'Record<string, unknown> | null' is not assignable to type 'SurveyJson | null | undefined'.
  Property 'pages' is missing in type 'Record<string, unknown>' but required in type 'SurveyJson'.
src/pages/AdminFormBuilder.tsx(415,43): error TS2345: Argument of type 'SurveyJson' is not assignable to parameter of type 'SetStateAction<Record<string, unknown> | null>'.
  Type 'SurveyJson' is not assignable to type 'Record<string, unknown>'.
    Index signature for type 'string' is missing in type 'SurveyJson'.
src/pages/AdminFormBuilder.tsx(416,11): error TS2322: Type '(json: Record<string, unknown>) => Promise<void>' is not assignable to type '(json: SurveyJson) => void'.
  Types of parameters 'json' and 'json' are incompatible.
    Type 'SurveyJson' is not assignable to type 'Record<string, unknown>'.
      Index signature for type 'string' is missing in type 'SurveyJson'.
src/pages/AdminFormBuilder.tsx(455,66): error TS7006: Parameter 'd' implicitly has an 'any' type.
src/utils/FormBuilderEngine.ts(12,14): error TS2451: Cannot redeclare block-scoped variable 'QUESTION_TYPES'.
src/utils/FormBuilderEngine.ts(147,17): error TS2323: Cannot redeclare exported variable 'generateFieldId'.
src/utils/FormBuilderEngine.ts(147,17): error TS2393: Duplicate function implementation.
src/utils/FormBuilderEngine.ts(153,17): error TS2323: Cannot redeclare exported variable 'createQuestion'.
src/utils/FormBuilderEngine.ts(153,17): error TS2393: Duplicate function implementation.
src/utils/FormBuilderEngine.ts(176,17): error TS2323: Cannot redeclare exported variable 'buildSurveyJson'.
src/utils/FormBuilderEngine.ts(176,17): error TS2393: Duplicate function implementation.
src/utils/FormBuilderEngine.ts(297,17): error TS2323: Cannot redeclare exported variable 'validateFields'.
src/utils/FormBuilderEngine.ts(297,17): error TS2393: Duplicate function implementation.
src/utils/FormBuilderEngine.ts(334,29): error TS2339: Property 'length' does not exist on type 'number'.
src/utils/FormBuilderEngine.ts(358,17): error TS2323: Cannot redeclare exported variable 'updateField'.
src/utils/FormBuilderEngine.ts(358,17): error TS2393: Duplicate function implementation.
src/utils/FormBuilderEngine.ts(363,17): error TS2323: Cannot redeclare exported variable 'removeField'.
src/utils/FormBuilderEngine.ts(363,17): error TS2393: Duplicate function implementation.
src/utils/FormBuilderEngine.ts(368,17): error TS2323: Cannot redeclare exported variable 'duplicateField'.
src/utils/FormBuilderEngine.ts(368,17): error TS2393: Duplicate function implementation.
src/utils/FormBuilderEngine.ts(386,17): error TS2323: Cannot redeclare exported variable 'reorderFields'.
src/utils/FormBuilderEngine.ts(386,17): error TS2393: Duplicate function implementation.
src/utils/FormBuilderEngine.ts(420,17): error TS2323: Cannot redeclare exported variable 'flattenQuestions'.
src/utils/FormBuilderEngine.ts(420,17): error TS2393: Duplicate function implementation.
src/utils/FormBuilderEngine.ts(453,18): error TS2395: Individual declarations in merged declaration 'FormConfigWithLayers' must be all exported or all local.
src/utils/FormBuilderEngine.ts(462,17): error TS2323: Cannot redeclare exported variable 'buildDefaultSurveyJson'.
src/utils/FormBuilderEngine.ts(462,17): error TS2393: Duplicate function implementation.
src/utils/FormBuilderEngine.ts(472,17): error TS2323: Cannot redeclare exported variable 'validateFormConfig'.
src/utils/FormBuilderEngine.ts(472,17): error TS2393: Duplicate function implementation.
src/utils/FormBuilderEngine.ts(483,17): error TS2323: Cannot redeclare exported variable 'calculateNextVersion'.
src/utils/FormBuilderEngine.ts(483,17): error TS2393: Duplicate function implementation.
src/utils/FormBuilderEngine.ts(493,17): error TS2323: Cannot redeclare exported variable 'mergeFormChanges'.
src/utils/FormBuilderEngine.ts(493,17): error TS2393: Duplicate function implementation.
src/utils/FormBuilderEngine.ts(497,17): error TS2323: Cannot redeclare exported variable 'parseApprovalLayers'.
src/utils/FormBuilderEngine.ts(497,17): error TS2393: Duplicate function implementation.
src/utils/FormBuilderEngine.ts(499,21): error TS2339: Property 'layers' does not exist on type 'FormConfigWithLayers'.
src/utils/FormBuilderEngine.ts(510,17): error TS2323: Cannot redeclare exported variable 'buildApproverPayload'.
src/utils/FormBuilderEngine.ts(510,17): error TS2393: Duplicate function implementation.
src/utils/FormBuilderEngine.ts(520,6): error TS2395: Individual declarations in merged declaration 'FormConfigWithLayers' must be all exported or all local.
src/utils/FormBuilderEngine.ts(530,14): error TS2451: Cannot redeclare block-scoped variable 'QUESTION_TYPES'.
src/utils/FormBuilderEngine.ts(557,17): error TS2323: Cannot redeclare exported variable 'generateFieldId'.
src/utils/FormBuilderEngine.ts(557,17): error TS2393: Duplicate function implementation.
src/utils/FormBuilderEngine.ts(561,17): error TS2323: Cannot redeclare exported variable 'createQuestion'.
src/utils/FormBuilderEngine.ts(561,17): error TS2393: Duplicate function implementation.
src/utils/FormBuilderEngine.ts(583,17): error TS2323: Cannot redeclare exported variable 'buildSurveyJson'.
src/utils/FormBuilderEngine.ts(583,17): error TS2393: Duplicate function implementation.
src/utils/FormBuilderEngine.ts(610,17): error TS2323: Cannot redeclare exported variable 'updateField'.
src/utils/FormBuilderEngine.ts(610,17): error TS2393: Duplicate function implementation.
src/utils/FormBuilderEngine.ts(630,17): error TS2323: Cannot redeclare exported variable 'removeField'.
src/utils/FormBuilderEngine.ts(630,17): error TS2393: Duplicate function implementation.
src/utils/FormBuilderEngine.ts(643,17): error TS2323: Cannot redeclare exported variable 'duplicateField'.
src/utils/FormBuilderEngine.ts(643,17): error TS2393: Duplicate function implementation.
src/utils/FormBuilderEngine.ts(663,17): error TS2323: Cannot redeclare exported variable 'reorderFields'.
src/utils/FormBuilderEngine.ts(663,17): error TS2393: Duplicate function implementation.
src/utils/FormBuilderEngine.ts(676,17): error TS2323: Cannot redeclare exported variable 'flattenQuestions'.
src/utils/FormBuilderEngine.ts(676,17): error TS2393: Duplicate function implementation.
src/utils/FormBuilderEngine.ts(678,113): error TS2352: Conversion of type 'FormBuilderField' to type 'Record<string, unknown>' may be a mistake because neither type sufficiently overlaps with the other. If this was intentional, convert the expression to 'unknown' first.
  Index signature for type 'string' is missing in type 'FormBuilderField'.
src/utils/FormBuilderEngine.ts(703,17): error TS2323: Cannot redeclare exported variable 'validateFields'.
src/utils/FormBuilderEngine.ts(703,17): error TS2393: Duplicate function implementation.
src/utils/FormBuilderEngine.ts(752,17): error TS2323: Cannot redeclare exported variable 'buildDefaultSurveyJson'.
src/utils/FormBuilderEngine.ts(752,17): error TS2393: Duplicate function implementation.
src/utils/FormBuilderEngine.ts(764,17): error TS2323: Cannot redeclare exported variable 'validateFormConfig'.
src/utils/FormBuilderEngine.ts(764,17): error TS2393: Duplicate function implementation.
src/utils/FormBuilderEngine.ts(775,17): error TS2323: Cannot redeclare exported variable 'calculateNextVersion'.
src/utils/FormBuilderEngine.ts(775,17): error TS2393: Duplicate function implementation.
src/utils/FormBuilderEngine.ts(775,55): error TS2304: Cannot find name 'FormVersionData'.
src/utils/FormBuilderEngine.ts(781,17): error TS2323: Cannot redeclare exported variable 'mergeFormChanges'.
src/utils/FormBuilderEngine.ts(781,17): error TS2393: Duplicate function implementation.
src/utils/FormBuilderEngine.ts(789,17): error TS2323: Cannot redeclare exported variable 'parseApprovalLayers'.
src/utils/FormBuilderEngine.ts(789,17): error TS2393: Duplicate function implementation.
src/utils/FormBuilderEngine.ts(789,72): error TS2552: Cannot find name 'FormBuilderApprovalLayer'. Did you mean 'FormApprovalLayer'?
src/utils/FormBuilderEngine.ts(790,17): error TS2552: Cannot find name 'FormBuilderApprovalLayer'. Did you mean 'FormApprovalLayer'?
src/utils/FormBuilderEngine.ts(802,17): error TS2323: Cannot redeclare exported variable 'buildApproverPayload'.
src/utils/FormBuilderEngine.ts(802,17): error TS2393: Duplicate function implementation.
